
> circuitlens@2.0.0 test
> node --test --test-isolation=none

✔ HTTP API, validation, security and static assets (173.4452ms)
✔ assembly preserves component identity, terminal orientation and engine findings in all seven demos (2.3254ms)
✔ review build stays unavailable for pending, unresolved and duplicate accepted parts (0.6704ms)
✔ unresolved terminals never create fabricated physical connections or shift editable indices (1.4545ms)
✔ continuous camera interpolation stays finite and continuous across story transitions (0.5763ms)
✔ cinematic scroll selects stable scenes at boundaries and clamps invalid input (0.3414ms)
✔ separate marketing and workspace preserve accessible product entry points (4.7807ms)
✔ breadboard strips connect only within each half and row (0.7575ms)
✔ jumper union is transitive (0.3866ms)
✔ fixture: healthy (0.7269ms)
✔ fixture: reversed (3.51ms)
✔ fixture: no-resistor (1.9883ms)
✔ fixture: disconnected (0.8513ms)
✔ fixture: short (0.4669ms)
✔ fixture: divider (0.3007ms)
✔ fixture: button (2.5982ms)
✔ correct series current and divider output (0.6889ms)
✔ comparison tolerates physical relocation (1.4379ms)
✔ detect missing components, extra components and value mismatch (1.5249ms)
✔ a wire bypassing a resistor creates unsafe LED path (0.8062ms)
✔ open button interrupts conduction (1.6095ms)
✔ low resistor value flags estimated LED overcurrent (0.4506ms)
✔ reject malformed input and duplicate IDs (0.422ms)
✔ live evaluation CLI fails closed in free mode before touching the provider (477.1169ms)
✔ default free launch blocks perception despite a key and preserves all seven demos (29.6703ms)
✔ explicit enable without credentials stays unavailable and cannot call perception (13.1215ms)
✔ Gemini sends pixels and schema to the fixed free image model without tools or key URLs (4.7542ms)
✔ Gemini defaults never use an existing OpenAI key and require free-tier confirmation (0.4247ms)
✔ Gemini refuses missing credentials, disallowed models and malformed images before any request (1.0065ms)
✔ explicit Flash-Lite selection stays on the verified free allowlist with no fallback (1.2257ms)
✔ Gemini quota, denied keys, provider errors and network failures are sanitized without retries (1.5141ms)
✔ Gemini blocks safety refusals, truncated output, unexpected parts and malformed JSON (2.9861ms)
✔ Gemini validates observations independently and retains uncertain terminals for human review (1.5252ms)
✔ Reviewed Gemini observations feed the existing engine and polarity correction clears the fault (1.475ms)
✔ Gemini HTTP integration shares image validation, consent, budget, and review conversion (65.4342ms)
✔ Gemini HTTP guard blocks a key without billing-disabled confirmation (11.9733ms)
✔ UI provenance distinguishes Gemini, OpenAI, recorded outputs and simulations (0.3294ms)
✔ all seven diagrams fit narrow and wide canvases without changing topology (18.4622ms)
✔ unmeasured canvases and invalid zoom values have safe defaults (0.2849ms)
✔ strict schema rejects extra keys, missing fields, malformed boxes and confidence (0.5861ms)
✔ unknown holes and resistance are retained as unresolved, never guessed (0.4ms)
✔ low confidence requires explicit review just like all detections (0.3902ms)
✔ empty observations cannot create a passing empty circuit (0.2257ms)
✔ confirmed perception feeds deterministic engine: healthy (0.3368ms)
✔ confirmed perception feeds deterministic engine: reversed (0.2977ms)
✔ confirmed perception feeds deterministic engine: disconnected (0.4288ms)
✔ human polarity correction clears the same deterministic fault (0.3999ms)
✔ rejected detection excluded; unknown accepted detection blocks (0.4046ms)
✔ image decoder rejects non-image, SVG, corrupt and oversized input (1.8227ms)
✔ valid PNG is normalized without fixture metadata (24.8592ms)
✔ API request uses image input and strict schema; no intended design or fault output (1.8021ms)
✔ API quota, network and malformed responses fall back without retries or raw errors (2.4464ms)
✔ model JSON that violates schema never reaches netlist conversion (0.5713ms)
✔ model refusals preserve review fallback (0.4822ms)
✔ old UTC ledger resets while same-day cooldown blocks rapid reuse (11.6442ms)
✔ daily usage limit persists and counts failures (10.4399ms)
✔ serialized requests reject concurrent work; unreadable ledger fails closed (11.0165ms)
✔ six real-photo archives preserve licensed source pixels and actual request provenance (495.2169ms)
✔ incomplete actual-photo outputs cannot become diagnoses through pending or blind acceptance (8.3861ms)
✔ compact diagrams preserve every editable part and keep symbols within the canvas (2.8523ms)
✔ schematic terminal labels agree with engine across all 300 breadboard holes (0.4069ms)
✔ schematic retains editable components and only highlights engine findings (0.9811ms)
✔ schematic safely escapes imported labels and leaves unresolved terminals unrendered (0.2859ms)
✔ vision HTTP integration validates consent, conversion, origins and fallback (68.7377ms)
✔ public live requests require deployment access code; manual engine stays open (31.8013ms)
✔ color mask highlights saturated pixels without mutating the original (0.3279ms)
✔ dark and transparent pixels are not selected (0.173ms)
ℹ tests 67
ℹ suites 0
ℹ pass 67
ℹ fail 0
ℹ cancelled 0
ℹ skipped 0
ℹ todo 0
ℹ duration_ms 2139.3124
